┌ Info: OSPMPhysicsSpherical Karl-style loaded from
└   #= /work/mez653/Classic-OSPM/OSPM/Physics/OSPM_Physics_Spherical.jl:2 =# @__FILE__ = "/work/mez653/Classic-OSPM/OSPM/Physics/OSPM_Physics_Spherical.jl"
[ Info: OSPMPhysicsSpherical supports spherical frc(r,theta)->(fr,0) and axisymmetric frc(r,theta)->(fr,ftheta)
┌ Warning: tail orbit helper exception on i=19
│   exception =
│    Orbit coverage accounting is inconsistent: a launch succeeded without an attempt
│    Stacktrace:
│      [1] error(s::String)
│        @ Base ./error.jl:35
│      [2] _assess_orbit_coverage(st::Main.OSPMPhysicsSpherical.OrbitWorkState; fill_pct::Float64, regional_floor::Float64, max_regional_gap::Float64, shell_band_count::Int64, verify_atomic::Bool)
│        @ Main.OSPMPhysicsSpherical /work/mez653/Classic-OSPM/OSPM/Physics/OSPM_Physics_Spherical.jl:286
│      [3] _assess_orbit_coverage
│        @ /work/mez653/Classic-OSPM/OSPM/Physics/OSPM_Physics_Spherical.jl:271 [inlined]
│      [4] _maybe_stop_orbit_phase_for_coverage!(st::Main.OSPMPhysicsSpherical.OrbitWorkState)
│        @ Main.OSPMPhysicsSpherical /work/mez653/Classic-OSPM/OSPM/Physics/OSPM_Physics_Spherical.jl:509
│      [5] _orbit_worker!(st::Main.OSPMPhysicsSpherical.OrbitWorkState)
│        @ Main.OSPMPhysicsSpherical /work/mez653/Classic-OSPM/OSPM/Physics/OSPM_Physics_Spherical.jl:649
│      [6] _run_orbit_worker!(st::Main.OSPMPhysicsSpherical.OrbitWorkState; scheduler_counters::@NamedTuple{orbit_models::Base.Threads.Atomic{Int64}, orbit_workers::Base.Threads.Atomic{Int64}, helper_workers::Base.Threads.Atomic{Int64}, weight_models::Base.Threads.Atomic{Int64}, active_model_owners::Base.Threads.Atomic{Int64}, completed_models::Base.Threads.Atomic{Int64}, stop_monitor::Base.Threads.Atomic{Int64}}, helper::Bool)
│        @ Main.OSPMPhysicsSpherical /work/mez653/Classic-OSPM/OSPM/Physics/OSPM_Physics_Spherical.jl:677
│      [7] _run_orbit_worker!
│        @ /work/mez653/Classic-OSPM/OSPM/Physics/OSPM_Physics_Spherical.jl:656 [inlined]
│      [8] (::Main.OSPMPhysicsSpherical.var"#_batch_worker!#101"{Int64, Float64, Float64, Float64, Nothing, Float64, Int64, Float64, Float64, Float64, Float64, Int64, Int64, Float64, Float64, Float64, Float64, Float64, Nothing, Vector{Float64}, Vector{Float64}, Int64, Int64, Int64, Float64, Nothing, Matrix{Float64}, Vector{Float64}, Vector{Bool}, Vector{Float64}, Vector{Float64}, Float64, Int64, String, Main.OSPMPhysicsSpherical.var"#_try_claim_theta!#100"{@NamedTuple{orbit_models::Base.Threads.Atomic{Int64}, orbit_workers::Base.Threads.Atomic{Int64}, helper_workers::Base.Threads.Atomic{Int64}, weight_models::Base.Threads.Atomic{Int64}, active_model_owners::Base.Threads.Atomic{Int64}, completed_models::Base.Threads.Atomic{Int64}, stop_monitor::Base.Threads.Atomic{Int64}}, Int64, Base.Threads.Atomic{Int64}, Int64}, Main.OSPMPhysicsSpherical.var"#_print_expanded_cm_failure!#99"{Main.OSPMPhysicsSpherical.var"#_wdiag_value#97", Symbol}, Main.OSPMPhysicsSpherical.var"#_print_expanded_cm_diagnostics!#98"{Float64, Main.OSPMPhysicsSpherical.var"#_wdiag_value#97", Vector{Float64}, Vector{Float64}, Vector{Int64}, Symbol}, Main.OSPMPhysicsSpherical.var"#_store_weight_diagnostics!#94"{Vector{Float64}, Vector{Float64}, Vector{Int64}, Symbol}, @NamedTuple{orbit_models::Base.Threads.Atomic{Int64}, orbit_workers::Base.Threads.Atomic{Int64}, helper_workers::Base.Threads.Atomic{Int64}, weight_models::Base.Threads.Atomic{Int64}, active_model_owners::Base.Threads.Atomic{Int64}, completed_models::Base.Threads.Atomic{Int64}, stop_monitor::Base.Threads.Atomic{Int64}}, Vector{Union{Nothing, Main.OSPMPhysicsSpherical.OrbitWorkState}}, Vector{Int64}, Vector{Bool}, Vector{Int64}, Vector{Float64}, Vector{Float64}, Vector{Float64}, Vector{Float64}, Vector{Float64}, Vector{Float64}, Vector{Float64}, Vector{Float64}, Vector{Float64}, Vector{String}, Vector{String}, Vector{String}, Vector{String}, Vector{String}, Vector{Int64}, Vector{Int64}, Vector{Float64}, Vector{Float64}, Vector{Float64}, Vector{Float64}, Vector{Float64}, Vector{Int64}, Symbol, Symbol, Symbol, Dict{Symbol, Any}, Dict{Symbol, Any}, Int64, Int64})(tid::Int64)
│        @ Main.OSPMPhysicsSpherical /work/mez653/Classic-OSPM/OSPM/Physics/OSPM_Physics_Spherical.jl:1360
│      [9] macro expansion
│        @ /work/mez653/Classic-OSPM/OSPM/Physics/OSPM_Physics_Spherical.jl:1395 [inlined]
│     [10] (::Main.OSPMPhysicsSpherical.var"#6042#threadsfor_fun#103"{Main.OSPMPhysicsSpherical.var"#6042#threadsfor_fun#92#104"{Main.OSPMPhysicsSpherical.var"#_batch_worker!#101"{Int64, Float64, Float64, Float64, Nothing, Float64, Int64, Float64, Float64, Float64, Float64, Int64, Int64, Float64, Float64, Float64, Float64, Float64, Nothing, Vector{Float64}, Vector{Float64}, Int64, Int64, Int64, Float64, Nothing, Matrix{Float64}, Vector{Float64}, Vector{Bool}, Vector{Float64}, Vector{Float64}, Float64, Int64, String, Main.OSPMPhysicsSpherical.var"#_try_claim_theta!#100"{@NamedTuple{orbit_models::Base.Threads.Atomic{Int64}, orbit_workers::Base.Threads.Atomic{Int64}, helper_workers::Base.Threads.Atomic{Int64}, weight_models::Base.Threads.Atomic{Int64}, active_model_owners::Base.Threads.Atomic{Int64}, completed_models::Base.Threads.Atomic{Int64}, stop_monitor::Base.Threads.Atomic{Int64}}, Int64, Base.Threads.Atomic{Int64}, Int64}, Main.OSPMPhysicsSpherical.var"#_print_expanded_cm_failure!#99"{Main.OSPMPhysicsSpherical.var"#_wdiag_value#97", Symbol}, Main.OSPMPhysicsSpherical.var"#_print_expanded_cm_diagnostics!#98"{Float64, Main.OSPMPhysicsSpherical.var"#_wdiag_value#97", Vector{Float64}, Vector{Float64}, Vector{Int64}, Symbol}, Main.OSPMPhysicsSpherical.var"#_store_weight_diagnostics!#94"{Vector{Float64}, Vector{Float64}, Vector{Int64}, Symbol}, @NamedTuple{orbit_models::Base.Threads.Atomic{Int64}, orbit_workers::Base.Threads.Atomic{Int64}, helper_workers::Base.Threads.Atomic{Int64}, weight_models::Base.Threads.Atomic{Int64}, active_model_owners::Base.Threads.Atomic{Int64}, completed_models::Base.Threads.Atomic{Int64}, stop_monitor::Base.Threads.Atomic{Int64}}, Vector{Union{Nothing, Main.OSPMPhysicsSpherical.OrbitWorkState}}, Vector{Int64}, Vector{Bool}, Vector{Int64}, Vector{Float64}, Vector{Float64}, Vector{Float64}, Vector{Float64}, Vector{Float64}, Vector{Float64}, Vector{Float64}, Vector{Float64}, Vector{Float64}, Vector{String}, Vector{String}, Vector{String}, Vector{String}, Vector{String}, Vector{Int64}, Vector{Int64}, Vector{Float64}, Vector{Float64}, Vector{Float64}, Vector{Float64}, Vector{Float64}, Vector{Int64}, Symbol, Symbol, Symbol, Dict{Symbol, Any}, Dict{Symbol, Any}, Int64, Int64}, UnitRange{Int64}}})(tid::Int64; onethread::Bool)
│        @ Main.OSPMPhysicsSpherical ./threadingconstructs.jl:215
│     [11] #6042#threadsfor_fun
│        @ ./threadingconstructs.jl:182 [inlined]
│     [12] (::Base.Threads.var"#1#2"{Main.OSPMPhysicsSpherical.var"#6042#threadsfor_fun#103"{Main.OSPMPhysicsSpherical.var"#6042#threadsfor_fun#92#104"{Main.OSPMPhysicsSpherical.var"#_batch_worker!#101"{Int64, Float64, Float64, Float64, Nothing, Float64, Int64, Float64, Float64, Float64, Float64, Int64, Int64, Float64, Float64, Float64, Float64, Float64, Nothing, Vector{Float64}, Vector{Float64}, Int64, Int64, Int64, Float64, Nothing, Matrix{Float64}, Vector{Float64}, Vector{Bool}, Vector{Float64}, Vector{Float64}, Float64, Int64, String, Main.OSPMPhysicsSpherical.var"#_try_claim_theta!#100"{@NamedTuple{orbit_models::Base.Threads.Atomic{Int64}, orbit_workers::Base.Threads.Atomic{Int64}, helper_workers::Base.Threads.Atomic{Int64}, weight_models::Base.Threads.Atomic{Int64}, active_model_owners::Base.Threads.Atomic{Int64}, completed_models::Base.Threads.Atomic{Int64}, stop_monitor::Base.Threads.Atomic{Int64}}, Int64, Base.Threads.Atomic{Int64}, Int64}, Main.OSPMPhysicsSpherical.var"#_print_expanded_cm_failure!#99"{Main.OSPMPhysicsSpherical.var"#_wdiag_value#97", Symbol}, Main.OSPMPhysicsSpherical.var"#_print_expanded_cm_diagnostics!#98"{Float64, Main.OSPMPhysicsSpherical.var"#_wdiag_value#97", Vector{Float64}, Vector{Float64}, Vector{Int64}, Symbol}, Main.OSPMPhysicsSpherical.var"#_store_weight_diagnostics!#94"{Vector{Float64}, Vector{Float64}, Vector{Int64}, Symbol}, @NamedTuple{orbit_models::Base.Threads.Atomic{Int64}, orbit_workers::Base.Threads.Atomic{Int64}, helper_workers::Base.Threads.Atomic{Int64}, weight_models::Base.Threads.Atomic{Int64}, active_model_owners::Base.Threads.Atomic{Int64}, completed_models::Base.Threads.Atomic{Int64}, stop_monitor::Base.Threads.Atomic{Int64}}, Vector{Union{Nothing, Main.OSPMPhysicsSpherical.OrbitWorkState}}, Vector{Int64}, Vector{Bool}, Vector{Int64}, Vector{Float64}, Vector{Float64}, Vector{Float64}, Vector{Float64}, Vector{Float64}, Vector{Float64}, Vector{Float64}, Vector{Float64}, Vector{Float64}, Vector{String}, Vector{String}, Vector{String}, Vector{String}, Vector{String}, Vector{Int64}, Vector{Int64}, Vector{Float64}, Vector{Float64}, Vector{Float64}, Vector{Float64}, Vector{Float64}, Vector{Int64}, Symbol, Symbol, Symbol, Dict{Symbol, Any}, Dict{Symbol, Any}, Int64, Int64}, UnitRange{Int64}}}, Int64})()
│        @ Base.Threads ./threadingconstructs.jl:154
└ @ Main.OSPMPhysicsSpherical /work/mez653/Classic-OSPM/OSPM/Physics/OSPM_Physics_Spherical.jl:1366
slurmstepd-c122: error: *** JOB 780207 ON c122 CANCELLED AT 2026-07-30T17:46:38 DUE TO TIME LIMIT ***
